ERROR: AbilityInterpreter: unknown effect type 'run_server_access_other_root'
   at: push_error (core/variant/variant_utility.cpp:1024)
   GDScript backtrace (most recent call first):
       [0] _execute_effect (res://Scripts/Engine/AbilityInterpreter.gd:16988)
       [1] execute_trigger (res://Scripts/Engine/AbilityInterpreter.gd:47)
       [2] _do_play_operation (res://Scripts/Engine/TurnManager.gd:1798)
       [3] _execute_action (res://Scripts/Engine/TurnManager.gd:582)
       [4] _runner_turn (res://Scripts/Engine/TurnManager.gd:543)
       [5] run_game (res://Scripts/Engine/TurnManager.gd:97)
       [6] _corp_turn (res://Scripts/Engine/TurnManager.gd:269)
ERROR: EncounterProcessor: revolver has no break ability
   at: push_error (core/variant/variant_utility.cpp:1024)
   GDScript backtrace (most recent call first):
       [0] _do_break_sub (res://Scripts/Engine/EncounterProcessor.gd:386)
       [1] process (res://Scripts/Engine/EncounterProcessor.gd:58)
       [2] process_encounter_action (res://Scripts/Engine/AbilityInterpreter.gd:17439)
       [3] _execute_encounter_window (res://Scripts/Engine/RunStateMachine.gd:2535)
       [4] _phase_encounter_ice (res://Scripts/Engine/RunStateMachine.gd:526)
       [5] _phase_approach_ice (res://Scripts/Engine/RunStateMachine.gd:260)
       [6] _phase_initiation (res://Scripts/Engine/RunStateMachine.gd:198)
       [7] execute (res://Scripts/Engine/RunStateMachine.gd:106)
       [8] _execute_effect (res://Scripts/Engine/AbilityInterpreter.gd:10258)
       [9] execute_trigger (res://Scripts/Engine/AbilityInterpreter.gd:47)
       [10] _do_play_operation (res://Scripts/Engine/TurnManager.gd:1798)
       [11] _execute_action (res://Scripts/Engine/TurnManager.gd:582)
       [12] _runner_turn (res://Scripts/Engine/TurnManager.gd:543)
       [13] run_game (res://Scripts/Engine/TurnManager.gd:97)
       [14] _corp_turn (res://Scripts/Engine/TurnManager.gd:269)
ERROR: AbilityInterpreter: unknown effect type 'run_server_access_other_root'
   at: push_error (core/variant/variant_utility.cpp:1024)
   GDScript backtrace (most recent call first):
       [0] _execute_effect (res://Scripts/Engine/AbilityInterpreter.gd:16988)
       [1] execute_trigger (res://Scripts/Engine/AbilityInterpreter.gd:47)
       [2] _do_play_operation (res://Scripts/Engine/TurnManager.gd:1798)
       [3] _execute_action (res://Scripts/Engine/TurnManager.gd:582)
       [4] _runner_turn (res://Scripts/Engine/TurnManager.gd:543)
       [5] run_game (res://Scripts/Engine/TurnManager.gd:97)
       [6] _corp_turn (res://Scripts/Engine/TurnManager.gd:269)
ERROR: EncounterProcessor: revolver has no break ability
   at: push_error (core/variant/variant_utility.cpp:1024)
   GDScript backtrace (most recent call first):
       [0] _do_break_sub (res://Scripts/Engine/EncounterProcessor.gd:386)
       [1] process (res://Scripts/Engine/EncounterProcessor.gd:58)
       [2] process_encounter_action (res://Scripts/Engine/AbilityInterpreter.gd:17439)
       [3] _execute_encounter_window (res://Scripts/Engine/RunStateMachine.gd:2535)
       [4] _phase_encounter_ice (res://Scripts/Engine/RunStateMachine.gd:526)
       [5] _phase_approach_ice (res://Scripts/Engine/RunStateMachine.gd:260)
       [6] _phase_movement (res://Scripts/Engine/RunStateMachine.gd:697)
       [7] _phase_encounter_ice (res://Scripts/Engine/RunStateMachine.gd:628)
       [8] _phase_approach_ice (res://Scripts/Engine/RunStateMachine.gd:260)
       [9] _phase_initiation (res://Scripts/Engine/RunStateMachine.gd:198)
       [10] execute (res://Scripts/Engine/RunStateMachine.gd:106)
       [11] _execute_effect (res://Scripts/Engine/AbilityInterpreter.gd:2752)
       [12] execute_trigger (res://Scripts/Engine/AbilityInterpreter.gd:47)
       [13] _do_play_operation (res://Scripts/Engine/TurnManager.gd:1798)
       [14] _execute_action (res://Scripts/Engine/TurnManager.gd:582)
       [15] _runner_turn (res://Scripts/Engine/TurnManager.gd:543)
       [16] run_game (res://Scripts/Engine/TurnManager.gd:97)
       [17] _corp_turn (res://Scripts/Engine/TurnManager.gd:269)
ERROR: AbilityInterpreter: unknown effect type 'run_server_access_other_root'
   at: push_error (core/variant/variant_utility.cpp:1024)
   GDScript backtrace (most recent call first):
       [0] _execute_effect (res://Scripts/Engine/AbilityInterpreter.gd:16988)
       [1] execute_trigger (res://Scripts/Engine/AbilityInterpreter.gd:47)
       [2] _do_play_operation (res://Scripts/Engine/TurnManager.gd:1798)
       [3] _execute_action (res://Scripts/Engine/TurnManager.gd:582)
       [4] _runner_turn (res://Scripts/Engine/TurnManager.gd:543)
       [5] run_game (res://Scripts/Engine/TurnManager.gd:97)
       [6] _corp_turn (res://Scripts/Engine/TurnManager.gd:269)
ERROR: EncounterProcessor: revolver has no break ability
   at: push_error (core/variant/variant_utility.cpp:1024)
   GDScript backtrace (most recent call first):
       [0] _do_break_sub (res://Scripts/Engine/EncounterProcessor.gd:386)
       [1] process (res://Scripts/Engine/EncounterProcessor.gd:58)
       [2] process_encounter_action (res://Scripts/Engine/AbilityInterpreter.gd:17439)
       [3] _execute_encounter_window (res://Scripts/Engine/RunStateMachine.gd:2535)
       [4] _phase_encounter_ice (res://Scripts/Engine/RunStateMachine.gd:526)
       [5] _phase_approach_ice (res://Scripts/Engine/RunStateMachine.gd:260)
       [6] _phase_initiation (res://Scripts/Engine/RunStateMachine.gd:198)
       [7] execute (res://Scripts/Engine/RunStateMachine.gd:106)
       [8] _do_run (res://Scripts/Engine/TurnManager.gd:1988)
       [9] _execute_action (res://Scripts/Engine/TurnManager.gd:583)
       [10] _runner_turn (res://Scripts/Engine/TurnManager.gd:543)
       [11] run_game (res://Scripts/Engine/TurnManager.gd:97)
       [12] _corp_turn (res://Scripts/Engine/TurnManager.gd:269)
ERROR: AbilityInterpreter: unknown effect type 'run_server_access_other_root'
   at: push_error (core/variant/variant_utility.cpp:1024)
   GDScript backtrace (most recent call first):
       [0] _execute_effect (res://Scripts/Engine/AbilityInterpreter.gd:16988)
       [1] execute_trigger (res://Scripts/Engine/AbilityInterpreter.gd:47)
       [2] _do_play_operation (res://Scripts/Engine/TurnManager.gd:1798)
       [3] _execute_action (res://Scripts/Engine/TurnManager.gd:582)
       [4] _runner_turn (res://Scripts/Engine/TurnManager.gd:543)
       [5] run_game (res://Scripts/Engine/TurnManager.gd:97)
       [6] _corp_turn (res://Scripts/Engine/TurnManager.gd:269)
ERROR: AbilityInterpreter: unknown effect type 'run_server_access_other_root'
   at: push_error (core/variant/variant_utility.cpp:1024)
   GDScript backtrace (most recent call first):
       [0] _execute_effect (res://Scripts/Engine/AbilityInterpreter.gd:16988)
       [1] execute_trigger (res://Scripts/Engine/AbilityInterpreter.gd:47)
       [2] _do_play_operation (res://Scripts/Engine/TurnManager.gd:1798)
       [3] _execute_action (res://Scripts/Engine/TurnManager.gd:582)
       [4] _runner_turn (res://Scripts/Engine/TurnManager.gd:543)
       [5] run_game (res://Scripts/Engine/TurnManager.gd:97)
       [6] _corp_turn (res://Scripts/Engine/TurnManager.gd:269)
ERROR: AbilityInterpreter: unknown effect type 'run_server_access_other_root'
   at: push_error (core/variant/variant_utility.cpp:1024)
   GDScript backtrace (most recent call first):
       [0] _execute_effect (res://Scripts/Engine/AbilityInterpreter.gd:16988)
       [1] execute_trigger (res://Scripts/Engine/AbilityInterpreter.gd:47)
       [2] _do_play_operation (res://Scripts/Engine/TurnManager.gd:1798)
       [3] _execute_action (res://Scripts/Engine/TurnManager.gd:582)
       [4] _runner_turn (res://Scripts/Engine/TurnManager.gd:543)
       [5] run_game (res://Scripts/Engine/TurnManager.gd:97)
       [6] _corp_turn (res://Scripts/Engine/TurnManager.gd:269)
ERROR: AbilityInterpreter: unknown effect type 'run_server_access_other_root'
   at: push_error (core/variant/variant_utility.cpp:1024)
   GDScript backtrace (most recent call first):
       [0] _execute_effect (res://Scripts/Engine/AbilityInterpreter.gd:16988)
       [1] execute_trigger (res://Scripts/Engine/AbilityInterpreter.gd:47)
       [2] _do_play_operation (res://Scripts/Engine/TurnManager.gd:1798)
       [3] _execute_action (res://Scripts/Engine/TurnManager.gd:582)
       [4] _runner_turn (res://Scripts/Engine/TurnManager.gd:543)
       [5] run_game (res://Scripts/Engine/TurnManager.gd:97)
       [6] _corp_turn (res://Scripts/Engine/TurnManager.gd:269)
ERROR: AbilityInterpreter: unknown effect type 'run_server_access_other_root'
   at: push_error (core/variant/variant_utility.cpp:1024)
   GDScript backtrace (most recent call first):
       [0] _execute_effect (res://Scripts/Engine/AbilityInterpreter.gd:16988)
       [1] execute_trigger (res://Scripts/Engine/AbilityInterpreter.gd:47)
       [2] _do_play_operation (res://Scripts/Engine/TurnManager.gd:1798)
       [3] _execute_action (res://Scripts/Engine/TurnManager.gd:582)
       [4] _runner_turn (res://Scripts/Engine/TurnManager.gd:543)
       [5] run_game (res://Scripts/Engine/TurnManager.gd:97)
       [6] _corp_turn (res://Scripts/Engine/TurnManager.gd:269)
ERROR: EncounterProcessor: revolver has no break ability
   at: push_error (core/variant/variant_utility.cpp:1024)
   GDScript backtrace (most recent call first):
       [0] _do_break_sub (res://Scripts/Engine/EncounterProcessor.gd:386)
       [1] process (res://Scripts/Engine/EncounterProcessor.gd:58)
       [2] process_encounter_action (res://Scripts/Engine/AbilityInterpreter.gd:17439)
       [3] _execute_encounter_window (res://Scripts/Engine/RunStateMachine.gd:2535)
       [4] _phase_encounter_ice (res://Scripts/Engine/RunStateMachine.gd:526)
       [5] _phase_approach_ice (res://Scripts/Engine/RunStateMachine.gd:260)
       [6] _phase_initiation (res://Scripts/Engine/RunStateMachine.gd:198)
       [7] execute (res://Scripts/Engine/RunStateMachine.gd:106)
       [8] _execute_effect (res://Scripts/Engine/AbilityInterpreter.gd:2752)
       [9] execute_trigger (res://Scripts/Engine/AbilityInterpreter.gd:47)
       [10] _do_play_operation (res://Scripts/Engine/TurnManager.gd:1798)
       [11] _execute_action (res://Scripts/Engine/TurnManager.gd:582)
       [12] _runner_turn (res://Scripts/Engine/TurnManager.gd:543)
       [13] run_game (res://Scripts/Engine/TurnManager.gd:97)
       [14] _corp_turn (res://Scripts/Engine/TurnManager.gd:269)
ERROR: AbilityInterpreter: unknown effect type 'run_server_access_other_root'
   at: push_error (core/variant/variant_utility.cpp:1024)
   GDScript backtrace (most recent call first):
       [0] _execute_effect (res://Scripts/Engine/AbilityInterpreter.gd:16988)
       [1] execute_trigger (res://Scripts/Engine/AbilityInterpreter.gd:47)
       [2] _do_play_operation (res://Scripts/Engine/TurnManager.gd:1798)
       [3] _execute_action (res://Scripts/Engine/TurnManager.gd:582)
       [4] _runner_turn (res://Scripts/Engine/TurnManager.gd:543)
       [5] run_game (res://Scripts/Engine/TurnManager.gd:97)
       [6] _corp_turn (res://Scripts/Engine/TurnManager.gd:269)
ERROR: AbilityInterpreter: unknown effect type 'run_server_access_other_root'
   at: push_error (core/variant/variant_utility.cpp:1024)
   GDScript backtrace (most recent call first):
       [0] _execute_effect (res://Scripts/Engine/AbilityInterpreter.gd:16988)
       [1] execute_trigger (res://Scripts/Engine/AbilityInterpreter.gd:47)
       [2] _do_play_operation (res://Scripts/Engine/TurnManager.gd:1798)
       [3] _execute_action (res://Scripts/Engine/TurnManager.gd:582)
       [4] _runner_turn (res://Scripts/Engine/TurnManager.gd:543)
       [5] run_game (res://Scripts/Engine/TurnManager.gd:97)
       [6] _corp_turn (res://Scripts/Engine/TurnManager.gd:269)
WARNING: ObjectDB instances leaked at exit (run with --verbose for details).
   at: cleanup (core/object/object.cpp:2641)
ERROR: 24 resources still in use at exit (run with --verbose for details).
   at: clear (core/io/resource.cpp:810)
