SCRIPT ERROR: Invalid call to function 'choose_card_from_hand' in base 'RefCounted (CorpTurnAI_MCTS)'. Expected 2 argument(s).
   at: AbilityInterpreter._execute_effect (res://Scripts/Engine/AbilityInterpreter.gd:9659)
   GDScript backtrace (most recent call first):
       [0] _execute_effect (res://Scripts/Engine/AbilityInterpreter.gd:9659)
       [1] execute_trigger (res://Scripts/Engine/AbilityInterpreter.gd:47)
       [2] _do_use_installed_card (res://Scripts/Engine/TurnManager.gd:2157)
       [3] _execute_action (res://Scripts/Engine/TurnManager.gd:585)
       [4] _corp_turn (res://Scripts/Engine/TurnManager.gd:206)
SCRIPT ERROR: Invalid call to function 'choose_card_from_hand' in base 'RefCounted (CorpTurnAI_MCTS)'. Expected 2 argument(s).
   at: AbilityInterpreter._execute_effect (res://Scripts/Engine/AbilityInterpreter.gd:9038)
   GDScript backtrace (most recent call first):
       [0] _execute_effect (res://Scripts/Engine/AbilityInterpreter.gd:9038)
       [1] execute_trigger (res://Scripts/Engine/AbilityInterpreter.gd:47)
       [2] _do_play_operation (res://Scripts/Engine/TurnManager.gd:1798)
       [3] _execute_action (res://Scripts/Engine/TurnManager.gd:582)
       [4] _corp_turn (res://Scripts/Engine/TurnManager.gd:206)
ERROR: Can't emit non-existing signal "credits_changed".
   at: emit_signalp (core/object/object.cpp:1296)
   GDScript backtrace (most recent call first):
       [0] _execute_effect (res://Scripts/Engine/AbilityInterpreter.gd:16923)
       [1] execute_trigger (res://Scripts/Engine/AbilityInterpreter.gd:47)
       [2] _execute_player_trigger_queue (res://Scripts/Engine/GameContext.gd:983)
       [3] notify_event (res://Scripts/Engine/GameContext.gd:934)
       [4] _breach_server (res://Scripts/Engine/RunStateMachine.gd:1076)
       [5] _phase_success (res://Scripts/Engine/RunStateMachine.gd:942)
       [6] _phase_movement (res://Scripts/Engine/RunStateMachine.gd:760)
       [7] _phase_approach_ice (res://Scripts/Engine/RunStateMachine.gd:263)
       [8] _phase_initiation (res://Scripts/Engine/RunStateMachine.gd:198)
       [9] execute (res://Scripts/Engine/RunStateMachine.gd:106)
       [10] _execute_effect (res://Scripts/Engine/AbilityInterpreter.gd:2752)
       [11] execute_trigger (res://Scripts/Engine/AbilityInterpreter.gd:47)
       [12] _do_play_operation (res://Scripts/Engine/TurnManager.gd:1798)
       [13] _execute_action (res://Scripts/Engine/TurnManager.gd:582)
       [14] _runner_turn (res://Scripts/Engine/TurnManager.gd:543)
       [15] run_game (res://Scripts/Engine/TurnManager.gd:97)
       [16] _corp_turn (res://Scripts/Engine/TurnManager.gd:269)
ERROR: Can't emit non-existing signal "hand_changed".
   at: emit_signalp (core/object/object.cpp:1296)
   GDScript backtrace (most recent call first):
       [0] _execute_effect (res://Scripts/Engine/AbilityInterpreter.gd:16946)
       [1] execute_trigger (res://Scripts/Engine/AbilityInterpreter.gd:47)
       [2] _execute_player_trigger_queue (res://Scripts/Engine/GameContext.gd:983)
       [3] notify_event (res://Scripts/Engine/GameContext.gd:934)
       [4] _breach_server (res://Scripts/Engine/RunStateMachine.gd:1076)
       [5] _phase_success (res://Scripts/Engine/RunStateMachine.gd:942)
       [6] _phase_movement (res://Scripts/Engine/RunStateMachine.gd:760)
       [7] _phase_approach_ice (res://Scripts/Engine/RunStateMachine.gd:263)
       [8] _phase_initiation (res://Scripts/Engine/RunStateMachine.gd:198)
       [9] execute (res://Scripts/Engine/RunStateMachine.gd:106)
       [10] _execute_effect (res://Scripts/Engine/AbilityInterpreter.gd:2752)
       [11] execute_trigger (res://Scripts/Engine/AbilityInterpreter.gd:47)
       [12] _do_play_operation (res://Scripts/Engine/TurnManager.gd:1798)
       [13] _execute_action (res://Scripts/Engine/TurnManager.gd:582)
       [14] _runner_turn (res://Scripts/Engine/TurnManager.gd:543)
       [15] run_game (res://Scripts/Engine/TurnManager.gd:97)
       [16] _corp_turn (res://Scripts/Engine/TurnManager.gd:269)
ERROR: Can't emit non-existing signal "credits_changed".
   at: emit_signalp (core/object/object.cpp:1296)
   GDScript backtrace (most recent call first):
       [0] _execute_effect (res://Scripts/Engine/AbilityInterpreter.gd:16923)
       [1] execute_trigger (res://Scripts/Engine/AbilityInterpreter.gd:47)
       [2] _execute_player_trigger_queue (res://Scripts/Engine/GameContext.gd:983)
       [3] notify_event (res://Scripts/Engine/GameContext.gd:934)
       [4] _breach_server (res://Scripts/Engine/RunStateMachine.gd:1076)
       [5] _phase_success (res://Scripts/Engine/RunStateMachine.gd:942)
       [6] _phase_movement (res://Scripts/Engine/RunStateMachine.gd:760)
       [7] _phase_encounter_ice (res://Scripts/Engine/RunStateMachine.gd:628)
       [8] _phase_approach_ice (res://Scripts/Engine/RunStateMachine.gd:260)
       [9] _phase_initiation (res://Scripts/Engine/RunStateMachine.gd:198)
       [10] execute (res://Scripts/Engine/RunStateMachine.gd:106)
       [11] _execute_effect (res://Scripts/Engine/AbilityInterpreter.gd:2752)
       [12] execute_trigger (res://Scripts/Engine/AbilityInterpreter.gd:47)
       [13] _do_play_operation (res://Scripts/Engine/TurnManager.gd:1798)
       [14] _execute_action (res://Scripts/Engine/TurnManager.gd:582)
       [15] _runner_turn (res://Scripts/Engine/TurnManager.gd:543)
       [16] run_game (res://Scripts/Engine/TurnManager.gd:97)
       [17] _corp_turn (res://Scripts/Engine/TurnManager.gd:269)
ERROR: Can't emit non-existing signal "hand_changed".
   at: emit_signalp (core/object/object.cpp:1296)
   GDScript backtrace (most recent call first):
       [0] _execute_effect (res://Scripts/Engine/AbilityInterpreter.gd:16946)
       [1] execute_trigger (res://Scripts/Engine/AbilityInterpreter.gd:47)
       [2] _execute_player_trigger_queue (res://Scripts/Engine/GameContext.gd:983)
       [3] notify_event (res://Scripts/Engine/GameContext.gd:934)
       [4] _breach_server (res://Scripts/Engine/RunStateMachine.gd:1076)
       [5] _phase_success (res://Scripts/Engine/RunStateMachine.gd:942)
       [6] _phase_movement (res://Scripts/Engine/RunStateMachine.gd:760)
       [7] _phase_encounter_ice (res://Scripts/Engine/RunStateMachine.gd:628)
       [8] _phase_approach_ice (res://Scripts/Engine/RunStateMachine.gd:260)
       [9] _phase_initiation (res://Scripts/Engine/RunStateMachine.gd:198)
       [10] execute (res://Scripts/Engine/RunStateMachine.gd:106)
       [11] _execute_effect (res://Scripts/Engine/AbilityInterpreter.gd:2752)
       [12] execute_trigger (res://Scripts/Engine/AbilityInterpreter.gd:47)
       [13] _do_play_operation (res://Scripts/Engine/TurnManager.gd:1798)
       [14] _execute_action (res://Scripts/Engine/TurnManager.gd:582)
       [15] _runner_turn (res://Scripts/Engine/TurnManager.gd:543)
       [16] run_game (res://Scripts/Engine/TurnManager.gd:97)
       [17] _corp_turn (res://Scripts/Engine/TurnManager.gd:269)
ERROR: Can't emit non-existing signal "credits_changed".
   at: emit_signalp (core/object/object.cpp:1296)
   GDScript backtrace (most recent call first):
       [0] _execute_effect (res://Scripts/Engine/AbilityInterpreter.gd:16923)
       [1] execute_trigger (res://Scripts/Engine/AbilityInterpreter.gd:47)
       [2] _execute_player_trigger_queue (res://Scripts/Engine/GameContext.gd:983)
       [3] notify_event (res://Scripts/Engine/GameContext.gd:934)
       [4] _breach_server (res://Scripts/Engine/RunStateMachine.gd:1076)
       [5] _phase_success (res://Scripts/Engine/RunStateMachine.gd:942)
       [6] _phase_movement (res://Scripts/Engine/RunStateMachine.gd:760)
       [7] _phase_approach_ice (res://Scripts/Engine/RunStateMachine.gd:263)
       [8] _phase_movement (res://Scripts/Engine/RunStateMachine.gd:697)
       [9] _phase_approach_ice (res://Scripts/Engine/RunStateMachine.gd:263)
       [10] _phase_initiation (res://Scripts/Engine/RunStateMachine.gd:198)
       [11] execute (res://Scripts/Engine/RunStateMachine.gd:106)
       [12] _do_run (res://Scripts/Engine/TurnManager.gd:1988)
       [13] _execute_action (res://Scripts/Engine/TurnManager.gd:583)
       [14] _runner_turn (res://Scripts/Engine/TurnManager.gd:543)
       [15] run_game (res://Scripts/Engine/TurnManager.gd:97)
       [16] _corp_turn (res://Scripts/Engine/TurnManager.gd:269)
ERROR: Can't emit non-existing signal "hand_changed".
   at: emit_signalp (core/object/object.cpp:1296)
   GDScript backtrace (most recent call first):
       [0] _execute_effect (res://Scripts/Engine/AbilityInterpreter.gd:16946)
       [1] execute_trigger (res://Scripts/Engine/AbilityInterpreter.gd:47)
       [2] _execute_player_trigger_queue (res://Scripts/Engine/GameContext.gd:983)
       [3] notify_event (res://Scripts/Engine/GameContext.gd:934)
       [4] _breach_server (res://Scripts/Engine/RunStateMachine.gd:1076)
       [5] _phase_success (res://Scripts/Engine/RunStateMachine.gd:942)
       [6] _phase_movement (res://Scripts/Engine/RunStateMachine.gd:760)
       [7] _phase_approach_ice (res://Scripts/Engine/RunStateMachine.gd:263)
       [8] _phase_movement (res://Scripts/Engine/RunStateMachine.gd:697)
       [9] _phase_approach_ice (res://Scripts/Engine/RunStateMachine.gd:263)
       [10] _phase_initiation (res://Scripts/Engine/RunStateMachine.gd:198)
       [11] execute (res://Scripts/Engine/RunStateMachine.gd:106)
       [12] _do_run (res://Scripts/Engine/TurnManager.gd:1988)
       [13] _execute_action (res://Scripts/Engine/TurnManager.gd:583)
       [14] _runner_turn (res://Scripts/Engine/TurnManager.gd:543)
       [15] run_game (res://Scripts/Engine/TurnManager.gd:97)
       [16] _corp_turn (res://Scripts/Engine/TurnManager.gd:269)
ERROR: Can't emit non-existing signal "credits_changed".
   at: emit_signalp (core/object/object.cpp:1296)
   GDScript backtrace (most recent call first):
       [0] _execute_effect (res://Scripts/Engine/AbilityInterpreter.gd:16923)
       [1] execute_trigger (res://Scripts/Engine/AbilityInterpreter.gd:47)
       [2] _execute_player_trigger_queue (res://Scripts/Engine/GameContext.gd:983)
       [3] notify_event (res://Scripts/Engine/GameContext.gd:934)
       [4] _breach_server (res://Scripts/Engine/RunStateMachine.gd:1076)
       [5] _phase_success (res://Scripts/Engine/RunStateMachine.gd:942)
       [6] _phase_movement (res://Scripts/Engine/RunStateMachine.gd:760)
       [7] _phase_approach_ice (res://Scripts/Engine/RunStateMachine.gd:263)
       [8] _phase_movement (res://Scripts/Engine/RunStateMachine.gd:697)
       [9] _phase_approach_ice (res://Scripts/Engine/RunStateMachine.gd:263)
       [10] _phase_initiation (res://Scripts/Engine/RunStateMachine.gd:198)
       [11] execute (res://Scripts/Engine/RunStateMachine.gd:106)
       [12] _do_run (res://Scripts/Engine/TurnManager.gd:1988)
       [13] _execute_action (res://Scripts/Engine/TurnManager.gd:583)
       [14] _runner_turn (res://Scripts/Engine/TurnManager.gd:543)
       [15] run_game (res://Scripts/Engine/TurnManager.gd:97)
       [16] _corp_turn (res://Scripts/Engine/TurnManager.gd:269)
ERROR: Can't emit non-existing signal "hand_changed".
   at: emit_signalp (core/object/object.cpp:1296)
   GDScript backtrace (most recent call first):
       [0] _execute_effect (res://Scripts/Engine/AbilityInterpreter.gd:16946)
       [1] execute_trigger (res://Scripts/Engine/AbilityInterpreter.gd:47)
       [2] _execute_player_trigger_queue (res://Scripts/Engine/GameContext.gd:983)
       [3] notify_event (res://Scripts/Engine/GameContext.gd:934)
       [4] _breach_server (res://Scripts/Engine/RunStateMachine.gd:1076)
       [5] _phase_success (res://Scripts/Engine/RunStateMachine.gd:942)
       [6] _phase_movement (res://Scripts/Engine/RunStateMachine.gd:760)
       [7] _phase_approach_ice (res://Scripts/Engine/RunStateMachine.gd:263)
       [8] _phase_movement (res://Scripts/Engine/RunStateMachine.gd:697)
       [9] _phase_approach_ice (res://Scripts/Engine/RunStateMachine.gd:263)
       [10] _phase_initiation (res://Scripts/Engine/RunStateMachine.gd:198)
       [11] execute (res://Scripts/Engine/RunStateMachine.gd:106)
       [12] _do_run (res://Scripts/Engine/TurnManager.gd:1988)
       [13] _execute_action (res://Scripts/Engine/TurnManager.gd:583)
       [14] _runner_turn (res://Scripts/Engine/TurnManager.gd:543)
       [15] run_game (res://Scripts/Engine/TurnManager.gd:97)
       [16] _corp_turn (res://Scripts/Engine/TurnManager.gd:269)
WARNING: ObjectDB instances leaked at exit (run with --verbose for details).
   at: cleanup (core/object/object.cpp:2641)
ERROR: 24 resources still in use at exit (run with --verbose for details).
   at: clear (core/io/resource.cpp:810)
