ERROR: AbilityInterpreter: unknown effect type 'trash_runner_installed_program'
   at: push_error (core/variant/variant_utility.cpp:1024)
   GDScript backtrace (most recent call first):
       [0] _execute_effect (res://Scripts/Engine/AbilityInterpreter.gd:16988)
       [1] execute_subroutine (res://Scripts/Engine/AbilityInterpreter.gd:60)
       [2] _phase_encounter_ice (res://Scripts/Engine/RunStateMachine.gd:579)
       [3] _phase_approach_ice (res://Scripts/Engine/RunStateMachine.gd:260)
       [4] _phase_initiation (res://Scripts/Engine/RunStateMachine.gd:198)
       [5] execute (res://Scripts/Engine/RunStateMachine.gd:106)
       [6] _do_run (res://Scripts/Engine/TurnManager.gd:1988)
       [7] _execute_action (res://Scripts/Engine/TurnManager.gd:583)
       [8] _runner_turn (res://Scripts/Engine/TurnManager.gd:543)
       [9] run_game (res://Scripts/Engine/TurnManager.gd:97)
       [10] _corp_turn (res://Scripts/Engine/TurnManager.gd:269)
ERROR: AbilityInterpreter: unknown effect type 'trash_runner_installed_program'
   at: push_error (core/variant/variant_utility.cpp:1024)
   GDScript backtrace (most recent call first):
       [0] _execute_effect (res://Scripts/Engine/AbilityInterpreter.gd:16988)
       [1] execute_subroutine (res://Scripts/Engine/AbilityInterpreter.gd:60)
       [2] _phase_encounter_ice (res://Scripts/Engine/RunStateMachine.gd:579)
       [3] _phase_approach_ice (res://Scripts/Engine/RunStateMachine.gd:260)
       [4] _phase_initiation (res://Scripts/Engine/RunStateMachine.gd:198)
       [5] execute (res://Scripts/Engine/RunStateMachine.gd:106)
       [6] _do_run (res://Scripts/Engine/TurnManager.gd:1988)
       [7] _execute_action (res://Scripts/Engine/TurnManager.gd:583)
       [8] _runner_turn (res://Scripts/Engine/TurnManager.gd:543)
       [9] run_game (res://Scripts/Engine/TurnManager.gd:97)
       [10] _corp_turn (res://Scripts/Engine/TurnManager.gd:269)
ERROR: AbilityInterpreter: unknown effect type 'trash_runner_installed_program'
   at: push_error (core/variant/variant_utility.cpp:1024)
   GDScript backtrace (most recent call first):
       [0] _execute_effect (res://Scripts/Engine/AbilityInterpreter.gd:16988)
       [1] execute_subroutine (res://Scripts/Engine/AbilityInterpreter.gd:60)
       [2] _phase_encounter_ice (res://Scripts/Engine/RunStateMachine.gd:579)
       [3] _phase_approach_ice (res://Scripts/Engine/RunStateMachine.gd:260)
       [4] _phase_initiation (res://Scripts/Engine/RunStateMachine.gd:198)
       [5] execute (res://Scripts/Engine/RunStateMachine.gd:106)
       [6] _execute_effect (res://Scripts/Engine/AbilityInterpreter.gd:2752)
       [7] execute_trigger (res://Scripts/Engine/AbilityInterpreter.gd:47)
       [8] _do_play_operation (res://Scripts/Engine/TurnManager.gd:1798)
       [9] _execute_action (res://Scripts/Engine/TurnManager.gd:582)
       [10] _runner_turn (res://Scripts/Engine/TurnManager.gd:543)
       [11] run_game (res://Scripts/Engine/TurnManager.gd:97)
       [12] _corp_turn (res://Scripts/Engine/TurnManager.gd:269)
ERROR: AbilityInterpreter: unknown effect type 'trash_runner_installed_program'
   at: push_error (core/variant/variant_utility.cpp:1024)
   GDScript backtrace (most recent call first):
       [0] _execute_effect (res://Scripts/Engine/AbilityInterpreter.gd:16988)
       [1] execute_subroutine (res://Scripts/Engine/AbilityInterpreter.gd:60)
       [2] _phase_encounter_ice (res://Scripts/Engine/RunStateMachine.gd:579)
       [3] _phase_approach_ice (res://Scripts/Engine/RunStateMachine.gd:260)
       [4] _phase_initiation (res://Scripts/Engine/RunStateMachine.gd:198)
       [5] execute (res://Scripts/Engine/RunStateMachine.gd:106)
       [6] _execute_effect (res://Scripts/Engine/AbilityInterpreter.gd:2752)
       [7] execute_trigger (res://Scripts/Engine/AbilityInterpreter.gd:47)
       [8] _do_play_operation (res://Scripts/Engine/TurnManager.gd:1798)
       [9] _execute_action (res://Scripts/Engine/TurnManager.gd:582)
       [10] _runner_turn (res://Scripts/Engine/TurnManager.gd:543)
       [11] run_game (res://Scripts/Engine/TurnManager.gd:97)
       [12] _corp_turn (res://Scripts/Engine/TurnManager.gd:269)
ERROR: AbilityInterpreter: unknown effect type 'trash_runner_installed_program'
   at: push_error (core/variant/variant_utility.cpp:1024)
   GDScript backtrace (most recent call first):
       [0] _execute_effect (res://Scripts/Engine/AbilityInterpreter.gd:16988)
       [1] execute_subroutine (res://Scripts/Engine/AbilityInterpreter.gd:60)
       [2] _phase_encounter_ice (res://Scripts/Engine/RunStateMachine.gd:579)
       [3] _phase_approach_ice (res://Scripts/Engine/RunStateMachine.gd:260)
       [4] _phase_initiation (res://Scripts/Engine/RunStateMachine.gd:198)
       [5] execute (res://Scripts/Engine/RunStateMachine.gd:106)
       [6] _execute_effect (res://Scripts/Engine/AbilityInterpreter.gd:2752)
       [7] execute_trigger (res://Scripts/Engine/AbilityInterpreter.gd:47)
       [8] _do_play_operation (res://Scripts/Engine/TurnManager.gd:1798)
       [9] _execute_action (res://Scripts/Engine/TurnManager.gd:582)
       [10] _runner_turn (res://Scripts/Engine/TurnManager.gd:543)
       [11] run_game (res://Scripts/Engine/TurnManager.gd:97)
       [12] _corp_turn (res://Scripts/Engine/TurnManager.gd:269)
ERROR: AbilityInterpreter: unknown effect type 'trash_runner_installed_program'
   at: push_error (core/variant/variant_utility.cpp:1024)
   GDScript backtrace (most recent call first):
       [0] _execute_effect (res://Scripts/Engine/AbilityInterpreter.gd:16988)
       [1] execute_subroutine (res://Scripts/Engine/AbilityInterpreter.gd:60)
       [2] _phase_encounter_ice (res://Scripts/Engine/RunStateMachine.gd:579)
       [3] _phase_approach_ice (res://Scripts/Engine/RunStateMachine.gd:260)
       [4] _phase_initiation (res://Scripts/Engine/RunStateMachine.gd:198)
       [5] execute (res://Scripts/Engine/RunStateMachine.gd:106)
       [6] _execute_effect (res://Scripts/Engine/AbilityInterpreter.gd:2752)
       [7] execute_trigger (res://Scripts/Engine/AbilityInterpreter.gd:47)
       [8] _do_play_operation (res://Scripts/Engine/TurnManager.gd:1798)
       [9] _execute_action (res://Scripts/Engine/TurnManager.gd:582)
       [10] _runner_turn (res://Scripts/Engine/TurnManager.gd:543)
       [11] run_game (res://Scripts/Engine/TurnManager.gd:97)
       [12] _corp_turn (res://Scripts/Engine/TurnManager.gd:269)
ERROR: AbilityInterpreter: unknown effect type 'trash_runner_installed_program'
   at: push_error (core/variant/variant_utility.cpp:1024)
   GDScript backtrace (most recent call first):
       [0] _execute_effect (res://Scripts/Engine/AbilityInterpreter.gd:16988)
       [1] execute_subroutine (res://Scripts/Engine/AbilityInterpreter.gd:60)
       [2] _phase_encounter_ice (res://Scripts/Engine/RunStateMachine.gd:579)
       [3] _phase_approach_ice (res://Scripts/Engine/RunStateMachine.gd:260)
       [4] _phase_initiation (res://Scripts/Engine/RunStateMachine.gd:198)
       [5] execute (res://Scripts/Engine/RunStateMachine.gd:106)
       [6] _execute_effect (res://Scripts/Engine/AbilityInterpreter.gd:2752)
       [7] execute_trigger (res://Scripts/Engine/AbilityInterpreter.gd:47)
       [8] _do_play_operation (res://Scripts/Engine/TurnManager.gd:1798)
       [9] _execute_action (res://Scripts/Engine/TurnManager.gd:582)
       [10] _runner_turn (res://Scripts/Engine/TurnManager.gd:543)
       [11] run_game (res://Scripts/Engine/TurnManager.gd:97)
       [12] _corp_turn (res://Scripts/Engine/TurnManager.gd:269)
ERROR: AbilityInterpreter: unknown effect type 'trash_runner_installed_program'
   at: push_error (core/variant/variant_utility.cpp:1024)
   GDScript backtrace (most recent call first):
       [0] _execute_effect (res://Scripts/Engine/AbilityInterpreter.gd:16988)
       [1] execute_subroutine (res://Scripts/Engine/AbilityInterpreter.gd:60)
       [2] _phase_encounter_ice (res://Scripts/Engine/RunStateMachine.gd:579)
       [3] _phase_approach_ice (res://Scripts/Engine/RunStateMachine.gd:260)
       [4] _phase_initiation (res://Scripts/Engine/RunStateMachine.gd:198)
       [5] execute (res://Scripts/Engine/RunStateMachine.gd:106)
       [6] _execute_effect (res://Scripts/Engine/AbilityInterpreter.gd:2752)
       [7] execute_trigger (res://Scripts/Engine/AbilityInterpreter.gd:47)
       [8] _do_play_operation (res://Scripts/Engine/TurnManager.gd:1798)
       [9] _execute_action (res://Scripts/Engine/TurnManager.gd:582)
       [10] _runner_turn (res://Scripts/Engine/TurnManager.gd:543)
       [11] run_game (res://Scripts/Engine/TurnManager.gd:97)
       [12] _corp_turn (res://Scripts/Engine/TurnManager.gd:269)
ERROR: AbilityInterpreter: unknown effect type 'trash_runner_installed_program'
   at: push_error (core/variant/variant_utility.cpp:1024)
   GDScript backtrace (most recent call first):
       [0] _execute_effect (res://Scripts/Engine/AbilityInterpreter.gd:16988)
       [1] execute_subroutine (res://Scripts/Engine/AbilityInterpreter.gd:60)
       [2] _phase_encounter_ice (res://Scripts/Engine/RunStateMachine.gd:579)
       [3] _phase_approach_ice (res://Scripts/Engine/RunStateMachine.gd:260)
       [4] _phase_initiation (res://Scripts/Engine/RunStateMachine.gd:198)
       [5] execute (res://Scripts/Engine/RunStateMachine.gd:106)
       [6] _do_run (res://Scripts/Engine/TurnManager.gd:1988)
       [7] _execute_action (res://Scripts/Engine/TurnManager.gd:583)
       [8] _runner_turn (res://Scripts/Engine/TurnManager.gd:543)
       [9] run_game (res://Scripts/Engine/TurnManager.gd:97)
       [10] _corp_turn (res://Scripts/Engine/TurnManager.gd:269)
ERROR: AbilityInterpreter: unknown effect type 'trash_runner_installed_program'
   at: push_error (core/variant/variant_utility.cpp:1024)
   GDScript backtrace (most recent call first):
       [0] _execute_effect (res://Scripts/Engine/AbilityInterpreter.gd:16988)
       [1] execute_subroutine (res://Scripts/Engine/AbilityInterpreter.gd:60)
       [2] _phase_encounter_ice (res://Scripts/Engine/RunStateMachine.gd:579)
       [3] _phase_approach_ice (res://Scripts/Engine/RunStateMachine.gd:260)
       [4] _phase_initiation (res://Scripts/Engine/RunStateMachine.gd:198)
       [5] execute (res://Scripts/Engine/RunStateMachine.gd:106)
       [6] _do_run (res://Scripts/Engine/TurnManager.gd:1988)
       [7] _execute_action (res://Scripts/Engine/TurnManager.gd:583)
       [8] _runner_turn (res://Scripts/Engine/TurnManager.gd:543)
       [9] run_game (res://Scripts/Engine/TurnManager.gd:97)
       [10] _corp_turn (res://Scripts/Engine/TurnManager.gd:269)
ERROR: AbilityInterpreter: unknown effect type 'trash_runner_installed_program'
   at: push_error (core/variant/variant_utility.cpp:1024)
   GDScript backtrace (most recent call first):
       [0] _execute_effect (res://Scripts/Engine/AbilityInterpreter.gd:16988)
       [1] execute_subroutine (res://Scripts/Engine/AbilityInterpreter.gd:60)
       [2] _phase_encounter_ice (res://Scripts/Engine/RunStateMachine.gd:579)
       [3] _phase_approach_ice (res://Scripts/Engine/RunStateMachine.gd:260)
       [4] _phase_initiation (res://Scripts/Engine/RunStateMachine.gd:198)
       [5] execute (res://Scripts/Engine/RunStateMachine.gd:106)
       [6] _execute_effect (res://Scripts/Engine/AbilityInterpreter.gd:2752)
       [7] execute_trigger (res://Scripts/Engine/AbilityInterpreter.gd:47)
       [8] _do_play_operation (res://Scripts/Engine/TurnManager.gd:1798)
       [9] _execute_action (res://Scripts/Engine/TurnManager.gd:582)
       [10] _runner_turn (res://Scripts/Engine/TurnManager.gd:543)
       [11] run_game (res://Scripts/Engine/TurnManager.gd:97)
       [12] _corp_turn (res://Scripts/Engine/TurnManager.gd:269)
ERROR: AbilityInterpreter: unknown effect type 'trash_runner_installed_program'
   at: push_error (core/variant/variant_utility.cpp:1024)
   GDScript backtrace (most recent call first):
       [0] _execute_effect (res://Scripts/Engine/AbilityInterpreter.gd:16988)
       [1] execute_subroutine (res://Scripts/Engine/AbilityInterpreter.gd:60)
       [2] _phase_encounter_ice (res://Scripts/Engine/RunStateMachine.gd:579)
       [3] _phase_approach_ice (res://Scripts/Engine/RunStateMachine.gd:260)
       [4] _phase_initiation (res://Scripts/Engine/RunStateMachine.gd:198)
       [5] execute (res://Scripts/Engine/RunStateMachine.gd:106)
       [6] _execute_effect (res://Scripts/Engine/AbilityInterpreter.gd:2752)
       [7] execute_trigger (res://Scripts/Engine/AbilityInterpreter.gd:47)
       [8] _do_play_operation (res://Scripts/Engine/TurnManager.gd:1798)
       [9] _execute_action (res://Scripts/Engine/TurnManager.gd:582)
       [10] _runner_turn (res://Scripts/Engine/TurnManager.gd:543)
       [11] run_game (res://Scripts/Engine/TurnManager.gd:97)
       [12] _corp_turn (res://Scripts/Engine/TurnManager.gd:269)
ERROR: AbilityInterpreter: unknown effect type 'trash_runner_installed_program'
   at: push_error (core/variant/variant_utility.cpp:1024)
   GDScript backtrace (most recent call first):
       [0] _execute_effect (res://Scripts/Engine/AbilityInterpreter.gd:16988)
       [1] execute_subroutine (res://Scripts/Engine/AbilityInterpreter.gd:60)
       [2] _phase_encounter_ice (res://Scripts/Engine/RunStateMachine.gd:579)
       [3] _phase_approach_ice (res://Scripts/Engine/RunStateMachine.gd:260)
       [4] _phase_initiation (res://Scripts/Engine/RunStateMachine.gd:198)
       [5] execute (res://Scripts/Engine/RunStateMachine.gd:106)
       [6] _execute_effect (res://Scripts/Engine/AbilityInterpreter.gd:2752)
       [7] execute_trigger (res://Scripts/Engine/AbilityInterpreter.gd:47)
       [8] _do_play_operation (res://Scripts/Engine/TurnManager.gd:1798)
       [9] _execute_action (res://Scripts/Engine/TurnManager.gd:582)
       [10] _runner_turn (res://Scripts/Engine/TurnManager.gd:543)
       [11] run_game (res://Scripts/Engine/TurnManager.gd:97)
       [12] _corp_turn (res://Scripts/Engine/TurnManager.gd:269)
ERROR: AbilityInterpreter: unknown effect type 'trash_runner_installed_program'
   at: push_error (core/variant/variant_utility.cpp:1024)
   GDScript backtrace (most recent call first):
       [0] _execute_effect (res://Scripts/Engine/AbilityInterpreter.gd:16988)
       [1] execute_subroutine (res://Scripts/Engine/AbilityInterpreter.gd:60)
       [2] _phase_encounter_ice (res://Scripts/Engine/RunStateMachine.gd:579)
       [3] _phase_approach_ice (res://Scripts/Engine/RunStateMachine.gd:260)
       [4] _phase_initiation (res://Scripts/Engine/RunStateMachine.gd:198)
       [5] execute (res://Scripts/Engine/RunStateMachine.gd:106)
       [6] _execute_effect (res://Scripts/Engine/AbilityInterpreter.gd:2752)
       [7] execute_trigger (res://Scripts/Engine/AbilityInterpreter.gd:47)
       [8] _do_play_operation (res://Scripts/Engine/TurnManager.gd:1798)
       [9] _execute_action (res://Scripts/Engine/TurnManager.gd:582)
       [10] _runner_turn (res://Scripts/Engine/TurnManager.gd:543)
       [11] run_game (res://Scripts/Engine/TurnManager.gd:97)
       [12] _corp_turn (res://Scripts/Engine/TurnManager.gd:269)
ERROR: AbilityInterpreter: unknown effect type 'trash_runner_installed_program'
   at: push_error (core/variant/variant_utility.cpp:1024)
   GDScript backtrace (most recent call first):
       [0] _execute_effect (res://Scripts/Engine/AbilityInterpreter.gd:16988)
       [1] execute_subroutine (res://Scripts/Engine/AbilityInterpreter.gd:60)
       [2] _phase_encounter_ice (res://Scripts/Engine/RunStateMachine.gd:579)
       [3] _phase_approach_ice (res://Scripts/Engine/RunStateMachine.gd:260)
       [4] _phase_initiation (res://Scripts/Engine/RunStateMachine.gd:198)
       [5] execute (res://Scripts/Engine/RunStateMachine.gd:106)
       [6] _do_run (res://Scripts/Engine/TurnManager.gd:1988)
       [7] _execute_action (res://Scripts/Engine/TurnManager.gd:583)
       [8] _runner_turn (res://Scripts/Engine/TurnManager.gd:543)
       [9] run_game (res://Scripts/Engine/TurnManager.gd:97)
       [10] _corp_turn (res://Scripts/Engine/TurnManager.gd:269)
ERROR: AbilityInterpreter: unknown effect type 'trash_runner_installed_program'
   at: push_error (core/variant/variant_utility.cpp:1024)
   GDScript backtrace (most recent call first):
       [0] _execute_effect (res://Scripts/Engine/AbilityInterpreter.gd:16988)
       [1] execute_subroutine (res://Scripts/Engine/AbilityInterpreter.gd:60)
       [2] _phase_encounter_ice (res://Scripts/Engine/RunStateMachine.gd:579)
       [3] _phase_approach_ice (res://Scripts/Engine/RunStateMachine.gd:260)
       [4] _phase_initiation (res://Scripts/Engine/RunStateMachine.gd:198)
       [5] execute (res://Scripts/Engine/RunStateMachine.gd:106)
       [6] _do_run (res://Scripts/Engine/TurnManager.gd:1988)
       [7] _execute_action (res://Scripts/Engine/TurnManager.gd:583)
       [8] _runner_turn (res://Scripts/Engine/TurnManager.gd:543)
       [9] run_game (res://Scripts/Engine/TurnManager.gd:97)
       [10] _corp_turn (res://Scripts/Engine/TurnManager.gd:269)
ERROR: AbilityInterpreter: unknown effect type 'trash_runner_installed_program'
   at: push_error (core/variant/variant_utility.cpp:1024)
   GDScript backtrace (most recent call first):
       [0] _execute_effect (res://Scripts/Engine/AbilityInterpreter.gd:16988)
       [1] execute_subroutine (res://Scripts/Engine/AbilityInterpreter.gd:60)
       [2] _phase_encounter_ice (res://Scripts/Engine/RunStateMachine.gd:579)
       [3] _phase_approach_ice (res://Scripts/Engine/RunStateMachine.gd:260)
       [4] _phase_initiation (res://Scripts/Engine/RunStateMachine.gd:198)
       [5] execute (res://Scripts/Engine/RunStateMachine.gd:106)
       [6] _execute_effect (res://Scripts/Engine/AbilityInterpreter.gd:2752)
       [7] execute_trigger (res://Scripts/Engine/AbilityInterpreter.gd:47)
       [8] _do_play_operation (res://Scripts/Engine/TurnManager.gd:1798)
       [9] _execute_action (res://Scripts/Engine/TurnManager.gd:582)
       [10] _runner_turn (res://Scripts/Engine/TurnManager.gd:543)
       [11] run_game (res://Scripts/Engine/TurnManager.gd:97)
       [12] _corp_turn (res://Scripts/Engine/TurnManager.gd:269)
ERROR: AbilityInterpreter: unknown effect type 'trash_runner_installed_program'
   at: push_error (core/variant/variant_utility.cpp:1024)
   GDScript backtrace (most recent call first):
       [0] _execute_effect (res://Scripts/Engine/AbilityInterpreter.gd:16988)
       [1] execute_subroutine (res://Scripts/Engine/AbilityInterpreter.gd:60)
       [2] _phase_encounter_ice (res://Scripts/Engine/RunStateMachine.gd:579)
       [3] _phase_approach_ice (res://Scripts/Engine/RunStateMachine.gd:260)
       [4] _phase_initiation (res://Scripts/Engine/RunStateMachine.gd:198)
       [5] execute (res://Scripts/Engine/RunStateMachine.gd:106)
       [6] _execute_effect (res://Scripts/Engine/AbilityInterpreter.gd:2752)
       [7] execute_trigger (res://Scripts/Engine/AbilityInterpreter.gd:47)
       [8] _do_play_operation (res://Scripts/Engine/TurnManager.gd:1798)
       [9] _execute_action (res://Scripts/Engine/TurnManager.gd:582)
       [10] _runner_turn (res://Scripts/Engine/TurnManager.gd:543)
       [11] run_game (res://Scripts/Engine/TurnManager.gd:97)
       [12] _corp_turn (res://Scripts/Engine/TurnManager.gd:269)
ERROR: AbilityInterpreter: unknown effect type 'trash_runner_installed_program'
   at: push_error (core/variant/variant_utility.cpp:1024)
   GDScript backtrace (most recent call first):
       [0] _execute_effect (res://Scripts/Engine/AbilityInterpreter.gd:16988)
       [1] execute_subroutine (res://Scripts/Engine/AbilityInterpreter.gd:60)
       [2] _phase_encounter_ice (res://Scripts/Engine/RunStateMachine.gd:579)
       [3] _phase_approach_ice (res://Scripts/Engine/RunStateMachine.gd:260)
       [4] _phase_movement (res://Scripts/Engine/RunStateMachine.gd:697)
       [5] _phase_approach_ice (res://Scripts/Engine/RunStateMachine.gd:263)
       [6] _phase_initiation (res://Scripts/Engine/RunStateMachine.gd:198)
       [7] execute (res://Scripts/Engine/RunStateMachine.gd:106)
       [8] _execute_effect (res://Scripts/Engine/AbilityInterpreter.gd:2752)
       [9] execute_trigger (res://Scripts/Engine/AbilityInterpreter.gd:47)
       [10] _do_play_operation (res://Scripts/Engine/TurnManager.gd:1798)
       [11] _execute_action (res://Scripts/Engine/TurnManager.gd:582)
       [12] _runner_turn (res://Scripts/Engine/TurnManager.gd:543)
       [13] run_game (res://Scripts/Engine/TurnManager.gd:97)
       [14] _corp_turn (res://Scripts/Engine/TurnManager.gd:269)
ERROR: AbilityInterpreter: unknown effect type 'trash_runner_installed_program'
   at: push_error (core/variant/variant_utility.cpp:1024)
   GDScript backtrace (most recent call first):
       [0] _execute_effect (res://Scripts/Engine/AbilityInterpreter.gd:16988)
       [1] execute_subroutine (res://Scripts/Engine/AbilityInterpreter.gd:60)
       [2] _phase_encounter_ice (res://Scripts/Engine/RunStateMachine.gd:579)
       [3] _phase_approach_ice (res://Scripts/Engine/RunStateMachine.gd:260)
       [4] _phase_movement (res://Scripts/Engine/RunStateMachine.gd:697)
       [5] _phase_approach_ice (res://Scripts/Engine/RunStateMachine.gd:263)
       [6] _phase_initiation (res://Scripts/Engine/RunStateMachine.gd:198)
       [7] execute (res://Scripts/Engine/RunStateMachine.gd:106)
       [8] _execute_effect (res://Scripts/Engine/AbilityInterpreter.gd:2752)
       [9] execute_trigger (res://Scripts/Engine/AbilityInterpreter.gd:47)
       [10] _do_play_operation (res://Scripts/Engine/TurnManager.gd:1798)
       [11] _execute_action (res://Scripts/Engine/TurnManager.gd:582)
       [12] _runner_turn (res://Scripts/Engine/TurnManager.gd:543)
       [13] run_game (res://Scripts/Engine/TurnManager.gd:97)
       [14] _corp_turn (res://Scripts/Engine/TurnManager.gd:269)
ERROR: AbilityInterpreter: unknown effect type 'trash_runner_installed_program'
   at: push_error (core/variant/variant_utility.cpp:1024)
   GDScript backtrace (most recent call first):
       [0] _execute_effect (res://Scripts/Engine/AbilityInterpreter.gd:16988)
       [1] execute_subroutine (res://Scripts/Engine/AbilityInterpreter.gd:60)
       [2] _phase_encounter_ice (res://Scripts/Engine/RunStateMachine.gd:579)
       [3] _phase_approach_ice (res://Scripts/Engine/RunStateMachine.gd:260)
       [4] _phase_initiation (res://Scripts/Engine/RunStateMachine.gd:198)
       [5] execute (res://Scripts/Engine/RunStateMachine.gd:106)
       [6] _do_run (res://Scripts/Engine/TurnManager.gd:1988)
       [7] _execute_action (res://Scripts/Engine/TurnManager.gd:583)
       [8] _runner_turn (res://Scripts/Engine/TurnManager.gd:543)
       [9] run_game (res://Scripts/Engine/TurnManager.gd:97)
       [10] _corp_turn (res://Scripts/Engine/TurnManager.gd:269)
ERROR: AbilityInterpreter: unknown effect type 'trash_runner_installed_program'
   at: push_error (core/variant/variant_utility.cpp:1024)
   GDScript backtrace (most recent call first):
       [0] _execute_effect (res://Scripts/Engine/AbilityInterpreter.gd:16988)
       [1] execute_subroutine (res://Scripts/Engine/AbilityInterpreter.gd:60)
       [2] _phase_encounter_ice (res://Scripts/Engine/RunStateMachine.gd:579)
       [3] _phase_approach_ice (res://Scripts/Engine/RunStateMachine.gd:260)
       [4] _phase_initiation (res://Scripts/Engine/RunStateMachine.gd:198)
       [5] execute (res://Scripts/Engine/RunStateMachine.gd:106)
       [6] _do_run (res://Scripts/Engine/TurnManager.gd:1988)
       [7] _execute_action (res://Scripts/Engine/TurnManager.gd:583)
       [8] _runner_turn (res://Scripts/Engine/TurnManager.gd:543)
       [9] run_game (res://Scripts/Engine/TurnManager.gd:97)
       [10] _corp_turn (res://Scripts/Engine/TurnManager.gd:269)
ERROR: AbilityInterpreter: unknown effect type 'trash_runner_installed_program'
   at: push_error (core/variant/variant_utility.cpp:1024)
   GDScript backtrace (most recent call first):
       [0] _execute_effect (res://Scripts/Engine/AbilityInterpreter.gd:16988)
       [1] execute_subroutine (res://Scripts/Engine/AbilityInterpreter.gd:60)
       [2] _phase_encounter_ice (res://Scripts/Engine/RunStateMachine.gd:579)
       [3] _phase_approach_ice (res://Scripts/Engine/RunStateMachine.gd:260)
       [4] _phase_initiation (res://Scripts/Engine/RunStateMachine.gd:198)
       [5] execute (res://Scripts/Engine/RunStateMachine.gd:106)
       [6] _execute_effect (res://Scripts/Engine/AbilityInterpreter.gd:2752)
       [7] execute_trigger (res://Scripts/Engine/AbilityInterpreter.gd:47)
       [8] _do_play_operation (res://Scripts/Engine/TurnManager.gd:1798)
       [9] _execute_action (res://Scripts/Engine/TurnManager.gd:582)
       [10] _runner_turn (res://Scripts/Engine/TurnManager.gd:543)
       [11] run_game (res://Scripts/Engine/TurnManager.gd:97)
       [12] _corp_turn (res://Scripts/Engine/TurnManager.gd:269)
ERROR: AbilityInterpreter: unknown effect type 'trash_runner_installed_program'
   at: push_error (core/variant/variant_utility.cpp:1024)
   GDScript backtrace (most recent call first):
       [0] _execute_effect (res://Scripts/Engine/AbilityInterpreter.gd:16988)
       [1] execute_subroutine (res://Scripts/Engine/AbilityInterpreter.gd:60)
       [2] _phase_encounter_ice (res://Scripts/Engine/RunStateMachine.gd:579)
       [3] _phase_approach_ice (res://Scripts/Engine/RunStateMachine.gd:260)
       [4] _phase_initiation (res://Scripts/Engine/RunStateMachine.gd:198)
       [5] execute (res://Scripts/Engine/RunStateMachine.gd:106)
       [6] _execute_effect (res://Scripts/Engine/AbilityInterpreter.gd:2752)
       [7] execute_trigger (res://Scripts/Engine/AbilityInterpreter.gd:47)
       [8] _do_play_operation (res://Scripts/Engine/TurnManager.gd:1798)
       [9] _execute_action (res://Scripts/Engine/TurnManager.gd:582)
       [10] _runner_turn (res://Scripts/Engine/TurnManager.gd:543)
       [11] run_game (res://Scripts/Engine/TurnManager.gd:97)
       [12] _corp_turn (res://Scripts/Engine/TurnManager.gd:269)
SCRIPT ERROR: Invalid call to function 'choose_card_from_hand' in base 'RefCounted (CorpTurnAI_MCTS)'. Expected 2 argument(s).
   at: AbilityInterpreter._execute_effect (res://Scripts/Engine/AbilityInterpreter.gd:8351)
   GDScript backtrace (most recent call first):
       [0] _execute_effect (res://Scripts/Engine/AbilityInterpreter.gd:8351)
       [1] execute_trigger (res://Scripts/Engine/AbilityInterpreter.gd:47)
       [2] _execute_player_trigger_queue (res://Scripts/Engine/GameContext.gd:983)
       [3] notify_event (res://Scripts/Engine/GameContext.gd:930)
       [4] _execute_effect (res://Scripts/Engine/AbilityInterpreter.gd:9157)
       [5] execute_trigger (res://Scripts/Engine/AbilityInterpreter.gd:47)
       [6] _do_play_operation (res://Scripts/Engine/TurnManager.gd:1798)
       [7] _execute_action (res://Scripts/Engine/TurnManager.gd:582)
       [8] _corp_turn (res://Scripts/Engine/TurnManager.gd:206)
ERROR: AbilityInterpreter: unknown effect type 'trash_runner_installed_program'
   at: push_error (core/variant/variant_utility.cpp:1024)
   GDScript backtrace (most recent call first):
       [0] _execute_effect (res://Scripts/Engine/AbilityInterpreter.gd:16988)
       [1] execute_subroutine (res://Scripts/Engine/AbilityInterpreter.gd:60)
       [2] _phase_encounter_ice (res://Scripts/Engine/RunStateMachine.gd:579)
       [3] _phase_approach_ice (res://Scripts/Engine/RunStateMachine.gd:260)
       [4] _phase_initiation (res://Scripts/Engine/RunStateMachine.gd:198)
       [5] execute (res://Scripts/Engine/RunStateMachine.gd:106)
       [6] _do_run (res://Scripts/Engine/TurnManager.gd:1988)
       [7] _execute_action (res://Scripts/Engine/TurnManager.gd:583)
       [8] _runner_turn (res://Scripts/Engine/TurnManager.gd:543)
       [9] run_game (res://Scripts/Engine/TurnManager.gd:97)
       [10] _corp_turn (res://Scripts/Engine/TurnManager.gd:269)
ERROR: AbilityInterpreter: unknown effect type 'trash_runner_installed_program'
   at: push_error (core/variant/variant_utility.cpp:1024)
   GDScript backtrace (most recent call first):
       [0] _execute_effect (res://Scripts/Engine/AbilityInterpreter.gd:16988)
       [1] execute_subroutine (res://Scripts/Engine/AbilityInterpreter.gd:60)
       [2] _phase_encounter_ice (res://Scripts/Engine/RunStateMachine.gd:579)
       [3] _phase_approach_ice (res://Scripts/Engine/RunStateMachine.gd:260)
       [4] _phase_initiation (res://Scripts/Engine/RunStateMachine.gd:198)
       [5] execute (res://Scripts/Engine/RunStateMachine.gd:106)
       [6] _do_run (res://Scripts/Engine/TurnManager.gd:1988)
       [7] _execute_action (res://Scripts/Engine/TurnManager.gd:583)
       [8] _runner_turn (res://Scripts/Engine/TurnManager.gd:543)
       [9] run_game (res://Scripts/Engine/TurnManager.gd:97)
       [10] _corp_turn (res://Scripts/Engine/TurnManager.gd:269)
ERROR: AbilityInterpreter: unknown effect type 'trash_runner_installed_program'
   at: push_error (core/variant/variant_utility.cpp:1024)
   GDScript backtrace (most recent call first):
       [0] _execute_effect (res://Scripts/Engine/AbilityInterpreter.gd:16988)
       [1] execute_subroutine (res://Scripts/Engine/AbilityInterpreter.gd:60)
       [2] _phase_encounter_ice (res://Scripts/Engine/RunStateMachine.gd:579)
       [3] _phase_approach_ice (res://Scripts/Engine/RunStateMachine.gd:260)
       [4] _phase_initiation (res://Scripts/Engine/RunStateMachine.gd:198)
       [5] execute (res://Scripts/Engine/RunStateMachine.gd:106)
       [6] _execute_effect (res://Scripts/Engine/AbilityInterpreter.gd:2752)
       [7] execute_trigger (res://Scripts/Engine/AbilityInterpreter.gd:47)
       [8] _do_play_operation (res://Scripts/Engine/TurnManager.gd:1798)
       [9] _execute_action (res://Scripts/Engine/TurnManager.gd:582)
       [10] _runner_turn (res://Scripts/Engine/TurnManager.gd:543)
       [11] run_game (res://Scripts/Engine/TurnManager.gd:97)
       [12] _corp_turn (res://Scripts/Engine/TurnManager.gd:269)
ERROR: AbilityInterpreter: unknown effect type 'trash_runner_installed_program'
   at: push_error (core/variant/variant_utility.cpp:1024)
   GDScript backtrace (most recent call first):
       [0] _execute_effect (res://Scripts/Engine/AbilityInterpreter.gd:16988)
       [1] execute_subroutine (res://Scripts/Engine/AbilityInterpreter.gd:60)
       [2] _phase_encounter_ice (res://Scripts/Engine/RunStateMachine.gd:579)
       [3] _phase_approach_ice (res://Scripts/Engine/RunStateMachine.gd:260)
       [4] _phase_initiation (res://Scripts/Engine/RunStateMachine.gd:198)
       [5] execute (res://Scripts/Engine/RunStateMachine.gd:106)
       [6] _execute_effect (res://Scripts/Engine/AbilityInterpreter.gd:2752)
       [7] execute_trigger (res://Scripts/Engine/AbilityInterpreter.gd:47)
       [8] _do_play_operation (res://Scripts/Engine/TurnManager.gd:1798)
       [9] _execute_action (res://Scripts/Engine/TurnManager.gd:582)
       [10] _runner_turn (res://Scripts/Engine/TurnManager.gd:543)
       [11] run_game (res://Scripts/Engine/TurnManager.gd:97)
       [12] _corp_turn (res://Scripts/Engine/TurnManager.gd:269)
ERROR: AbilityInterpreter: unknown effect type 'trash_runner_installed_program'
   at: push_error (core/variant/variant_utility.cpp:1024)
   GDScript backtrace (most recent call first):
       [0] _execute_effect (res://Scripts/Engine/AbilityInterpreter.gd:16988)
       [1] execute_subroutine (res://Scripts/Engine/AbilityInterpreter.gd:60)
       [2] _phase_encounter_ice (res://Scripts/Engine/RunStateMachine.gd:579)
       [3] _phase_approach_ice (res://Scripts/Engine/RunStateMachine.gd:260)
       [4] _phase_initiation (res://Scripts/Engine/RunStateMachine.gd:198)
       [5] execute (res://Scripts/Engine/RunStateMachine.gd:106)
       [6] _execute_effect (res://Scripts/Engine/AbilityInterpreter.gd:2752)
       [7] execute_trigger (res://Scripts/Engine/AbilityInterpreter.gd:47)
       [8] _do_play_operation (res://Scripts/Engine/TurnManager.gd:1798)
       [9] _execute_action (res://Scripts/Engine/TurnManager.gd:582)
       [10] _runner_turn (res://Scripts/Engine/TurnManager.gd:543)
       [11] run_game (res://Scripts/Engine/TurnManager.gd:97)
       [12] _corp_turn (res://Scripts/Engine/TurnManager.gd:269)
ERROR: AbilityInterpreter: unknown effect type 'trash_runner_installed_program'
   at: push_error (core/variant/variant_utility.cpp:1024)
   GDScript backtrace (most recent call first):
       [0] _execute_effect (res://Scripts/Engine/AbilityInterpreter.gd:16988)
       [1] execute_subroutine (res://Scripts/Engine/AbilityInterpreter.gd:60)
       [2] _phase_encounter_ice (res://Scripts/Engine/RunStateMachine.gd:579)
       [3] _phase_approach_ice (res://Scripts/Engine/RunStateMachine.gd:260)
       [4] _phase_initiation (res://Scripts/Engine/RunStateMachine.gd:198)
       [5] execute (res://Scripts/Engine/RunStateMachine.gd:106)
       [6] _execute_effect (res://Scripts/Engine/AbilityInterpreter.gd:2752)
       [7] execute_trigger (res://Scripts/Engine/AbilityInterpreter.gd:47)
       [8] _do_play_operation (res://Scripts/Engine/TurnManager.gd:1798)
       [9] _execute_action (res://Scripts/Engine/TurnManager.gd:582)
       [10] _runner_turn (res://Scripts/Engine/TurnManager.gd:543)
       [11] run_game (res://Scripts/Engine/TurnManager.gd:97)
       [12] _corp_turn (res://Scripts/Engine/TurnManager.gd:269)
ERROR: AbilityInterpreter: unknown effect type 'trash_runner_installed_program'
   at: push_error (core/variant/variant_utility.cpp:1024)
   GDScript backtrace (most recent call first):
       [0] _execute_effect (res://Scripts/Engine/AbilityInterpreter.gd:16988)
       [1] execute_subroutine (res://Scripts/Engine/AbilityInterpreter.gd:60)
       [2] _phase_encounter_ice (res://Scripts/Engine/RunStateMachine.gd:579)
       [3] _phase_approach_ice (res://Scripts/Engine/RunStateMachine.gd:260)
       [4] _phase_initiation (res://Scripts/Engine/RunStateMachine.gd:198)
       [5] execute (res://Scripts/Engine/RunStateMachine.gd:106)
       [6] _execute_effect (res://Scripts/Engine/AbilityInterpreter.gd:2752)
       [7] execute_trigger (res://Scripts/Engine/AbilityInterpreter.gd:47)
       [8] _do_play_operation (res://Scripts/Engine/TurnManager.gd:1798)
       [9] _execute_action (res://Scripts/Engine/TurnManager.gd:582)
       [10] _runner_turn (res://Scripts/Engine/TurnManager.gd:543)
       [11] run_game (res://Scripts/Engine/TurnManager.gd:97)
       [12] _corp_turn (res://Scripts/Engine/TurnManager.gd:269)
ERROR: AbilityInterpreter: unknown effect type 'trash_runner_installed_program'
   at: push_error (core/variant/variant_utility.cpp:1024)
   GDScript backtrace (most recent call first):
       [0] _execute_effect (res://Scripts/Engine/AbilityInterpreter.gd:16988)
       [1] execute_subroutine (res://Scripts/Engine/AbilityInterpreter.gd:60)
       [2] _phase_encounter_ice (res://Scripts/Engine/RunStateMachine.gd:579)
       [3] _phase_approach_ice (res://Scripts/Engine/RunStateMachine.gd:260)
       [4] _phase_initiation (res://Scripts/Engine/RunStateMachine.gd:198)
       [5] execute (res://Scripts/Engine/RunStateMachine.gd:106)
       [6] _execute_effect (res://Scripts/Engine/AbilityInterpreter.gd:2752)
       [7] execute_trigger (res://Scripts/Engine/AbilityInterpreter.gd:47)
       [8] _do_play_operation (res://Scripts/Engine/TurnManager.gd:1798)
       [9] _execute_action (res://Scripts/Engine/TurnManager.gd:582)
       [10] _runner_turn (res://Scripts/Engine/TurnManager.gd:543)
       [11] run_game (res://Scripts/Engine/TurnManager.gd:97)
       [12] _corp_turn (res://Scripts/Engine/TurnManager.gd:269)
ERROR: AbilityInterpreter: unknown effect type 'trash_runner_installed_program'
   at: push_error (core/variant/variant_utility.cpp:1024)
   GDScript backtrace (most recent call first):
       [0] _execute_effect (res://Scripts/Engine/AbilityInterpreter.gd:16988)
       [1] execute_subroutine (res://Scripts/Engine/AbilityInterpreter.gd:60)
       [2] _phase_encounter_ice (res://Scripts/Engine/RunStateMachine.gd:579)
       [3] _phase_approach_ice (res://Scripts/Engine/RunStateMachine.gd:260)
       [4] _phase_initiation (res://Scripts/Engine/RunStateMachine.gd:198)
       [5] execute (res://Scripts/Engine/RunStateMachine.gd:106)
       [6] _execute_effect (res://Scripts/Engine/AbilityInterpreter.gd:2752)
       [7] execute_trigger (res://Scripts/Engine/AbilityInterpreter.gd:47)
       [8] _do_play_operation (res://Scripts/Engine/TurnManager.gd:1798)
       [9] _execute_action (res://Scripts/Engine/TurnManager.gd:582)
       [10] _runner_turn (res://Scripts/Engine/TurnManager.gd:543)
       [11] run_game (res://Scripts/Engine/TurnManager.gd:97)
       [12] _corp_turn (res://Scripts/Engine/TurnManager.gd:269)
ERROR: AbilityInterpreter: unknown effect type 'trash_runner_installed_program'
   at: push_error (core/variant/variant_utility.cpp:1024)
   GDScript backtrace (most recent call first):
       [0] _execute_effect (res://Scripts/Engine/AbilityInterpreter.gd:16988)
       [1] execute_subroutine (res://Scripts/Engine/AbilityInterpreter.gd:60)
       [2] _phase_encounter_ice (res://Scripts/Engine/RunStateMachine.gd:579)
       [3] _phase_approach_ice (res://Scripts/Engine/RunStateMachine.gd:260)
       [4] _phase_initiation (res://Scripts/Engine/RunStateMachine.gd:198)
       [5] execute (res://Scripts/Engine/RunStateMachine.gd:106)
       [6] _execute_effect (res://Scripts/Engine/AbilityInterpreter.gd:2752)
       [7] execute_trigger (res://Scripts/Engine/AbilityInterpreter.gd:47)
       [8] _do_play_operation (res://Scripts/Engine/TurnManager.gd:1798)
       [9] _execute_action (res://Scripts/Engine/TurnManager.gd:582)
       [10] _runner_turn (res://Scripts/Engine/TurnManager.gd:543)
       [11] run_game (res://Scripts/Engine/TurnManager.gd:97)
       [12] _corp_turn (res://Scripts/Engine/TurnManager.gd:269)
ERROR: AbilityInterpreter: unknown effect type 'trash_runner_installed_program'
   at: push_error (core/variant/variant_utility.cpp:1024)
   GDScript backtrace (most recent call first):
       [0] _execute_effect (res://Scripts/Engine/AbilityInterpreter.gd:16988)
       [1] execute_subroutine (res://Scripts/Engine/AbilityInterpreter.gd:60)
       [2] _phase_encounter_ice (res://Scripts/Engine/RunStateMachine.gd:579)
       [3] _phase_approach_ice (res://Scripts/Engine/RunStateMachine.gd:260)
       [4] _phase_movement (res://Scripts/Engine/RunStateMachine.gd:697)
       [5] _phase_encounter_ice (res://Scripts/Engine/RunStateMachine.gd:628)
       [6] _phase_approach_ice (res://Scripts/Engine/RunStateMachine.gd:260)
       [7] _phase_movement (res://Scripts/Engine/RunStateMachine.gd:697)
       [8] _phase_encounter_ice (res://Scripts/Engine/RunStateMachine.gd:628)
       [9] _phase_approach_ice (res://Scripts/Engine/RunStateMachine.gd:260)
       [10] _phase_initiation (res://Scripts/Engine/RunStateMachine.gd:198)
       [11] execute (res://Scripts/Engine/RunStateMachine.gd:106)
       [12] _execute_effect (res://Scripts/Engine/AbilityInterpreter.gd:2752)
       [13] execute_trigger (res://Scripts/Engine/AbilityInterpreter.gd:47)
       [14] _do_play_operation (res://Scripts/Engine/TurnManager.gd:1798)
       [15] _execute_action (res://Scripts/Engine/TurnManager.gd:582)
       [16] _runner_turn (res://Scripts/Engine/TurnManager.gd:543)
       [17] run_game (res://Scripts/Engine/TurnManager.gd:97)
       [18] _corp_turn (res://Scripts/Engine/TurnManager.gd:269)
ERROR: AbilityInterpreter: unknown effect type 'trash_runner_installed_program'
   at: push_error (core/variant/variant_utility.cpp:1024)
   GDScript backtrace (most recent call first):
       [0] _execute_effect (res://Scripts/Engine/AbilityInterpreter.gd:16988)
       [1] execute_subroutine (res://Scripts/Engine/AbilityInterpreter.gd:60)
       [2] _phase_encounter_ice (res://Scripts/Engine/RunStateMachine.gd:579)
       [3] _phase_approach_ice (res://Scripts/Engine/RunStateMachine.gd:260)
       [4] _phase_movement (res://Scripts/Engine/RunStateMachine.gd:697)
       [5] _phase_encounter_ice (res://Scripts/Engine/RunStateMachine.gd:628)
       [6] _phase_approach_ice (res://Scripts/Engine/RunStateMachine.gd:260)
       [7] _phase_movement (res://Scripts/Engine/RunStateMachine.gd:697)
       [8] _phase_encounter_ice (res://Scripts/Engine/RunStateMachine.gd:628)
       [9] _phase_approach_ice (res://Scripts/Engine/RunStateMachine.gd:260)
       [10] _phase_initiation (res://Scripts/Engine/RunStateMachine.gd:198)
       [11] execute (res://Scripts/Engine/RunStateMachine.gd:106)
       [12] _execute_effect (res://Scripts/Engine/AbilityInterpreter.gd:2752)
       [13] execute_trigger (res://Scripts/Engine/AbilityInterpreter.gd:47)
       [14] _do_play_operation (res://Scripts/Engine/TurnManager.gd:1798)
       [15] _execute_action (res://Scripts/Engine/TurnManager.gd:582)
       [16] _runner_turn (res://Scripts/Engine/TurnManager.gd:543)
       [17] run_game (res://Scripts/Engine/TurnManager.gd:97)
       [18] _corp_turn (res://Scripts/Engine/TurnManager.gd:269)
ERROR: AbilityInterpreter: unknown effect type 'trash_runner_installed_program'
   at: push_error (core/variant/variant_utility.cpp:1024)
   GDScript backtrace (most recent call first):
       [0] _execute_effect (res://Scripts/Engine/AbilityInterpreter.gd:16988)
       [1] execute_subroutine (res://Scripts/Engine/AbilityInterpreter.gd:60)
       [2] _phase_encounter_ice (res://Scripts/Engine/RunStateMachine.gd:579)
       [3] _phase_approach_ice (res://Scripts/Engine/RunStateMachine.gd:260)
       [4] _phase_initiation (res://Scripts/Engine/RunStateMachine.gd:198)
       [5] execute (res://Scripts/Engine/RunStateMachine.gd:106)
       [6] _do_run (res://Scripts/Engine/TurnManager.gd:1988)
       [7] _execute_action (res://Scripts/Engine/TurnManager.gd:583)
       [8] _runner_turn (res://Scripts/Engine/TurnManager.gd:543)
       [9] run_game (res://Scripts/Engine/TurnManager.gd:97)
       [10] _corp_turn (res://Scripts/Engine/TurnManager.gd:269)
ERROR: AbilityInterpreter: unknown effect type 'trash_runner_installed_program'
   at: push_error (core/variant/variant_utility.cpp:1024)
   GDScript backtrace (most recent call first):
       [0] _execute_effect (res://Scripts/Engine/AbilityInterpreter.gd:16988)
       [1] execute_subroutine (res://Scripts/Engine/AbilityInterpreter.gd:60)
       [2] _phase_encounter_ice (res://Scripts/Engine/RunStateMachine.gd:579)
       [3] _phase_approach_ice (res://Scripts/Engine/RunStateMachine.gd:260)
       [4] _phase_initiation (res://Scripts/Engine/RunStateMachine.gd:198)
       [5] execute (res://Scripts/Engine/RunStateMachine.gd:106)
       [6] _do_run (res://Scripts/Engine/TurnManager.gd:1988)
       [7] _execute_action (res://Scripts/Engine/TurnManager.gd:583)
       [8] _runner_turn (res://Scripts/Engine/TurnManager.gd:543)
       [9] run_game (res://Scripts/Engine/TurnManager.gd:97)
       [10] _corp_turn (res://Scripts/Engine/TurnManager.gd:269)
ERROR: Can't emit non-existing signal "card_advanced".
   at: emit_signalp (core/object/object.cpp:1296)
   GDScript backtrace (most recent call first):
       [0] _execute_effect (res://Scripts/Engine/AbilityInterpreter.gd:9358)
       [1] execute_trigger (res://Scripts/Engine/AbilityInterpreter.gd:47)
       [2] _do_play_operation (res://Scripts/Engine/TurnManager.gd:1798)
       [3] _execute_action (res://Scripts/Engine/TurnManager.gd:582)
       [4] _corp_turn (res://Scripts/Engine/TurnManager.gd:206)
SCRIPT ERROR: Invalid access to property or key 'corp_score' on a base object of type 'RefCounted (GameContext)'.
   at: AbilityInterpreter._execute_effect (res://Scripts/Engine/AbilityInterpreter.gd:9377)
   GDScript backtrace (most recent call first):
       [0] _execute_effect (res://Scripts/Engine/AbilityInterpreter.gd:9377)
       [1] execute_trigger (res://Scripts/Engine/AbilityInterpreter.gd:47)
       [2] _do_play_operation (res://Scripts/Engine/TurnManager.gd:1798)
       [3] _execute_action (res://Scripts/Engine/TurnManager.gd:582)
       [4] _corp_turn (res://Scripts/Engine/TurnManager.gd:206)
WARNING: ObjectDB instances leaked at exit (run with --verbose for details).
   at: cleanup (core/object/object.cpp:2641)
ERROR: 24 resources still in use at exit (run with --verbose for details).
   at: clear (core/io/resource.cpp:810)
